Determining if the pthread_create exist failed with the following output:
Change Dir: /home/Dev/Code_workspace/2026_TVLSI_Mech_AMR/ThermalSolver/build-source-Desktop-Default/CMakeFiles/CMakeTmp

Run Build Command:"/usr/bin/gmake" "cmTC_4fe2d/fast"
/usr/bin/gmake -f CMakeFiles/cmTC_4fe2d.dir/build.make CMakeFiles/cmTC_4fe2d.dir/build
gmake[1]: Entering directory `/home/Dev/Code_workspace/2026_TVLSI_Mech_AMR/ThermalSolver/build-source-Desktop-Default/CMakeFiles/CMakeTmp'
Building C object CMakeFiles/cmTC_4fe2d.dir/CheckSymbolExists.c.o
/usr/bin/gcc    -o CMakeFiles/cmTC_4fe2d.dir/CheckSymbolExists.c.o   -c /home/Dev/Code_workspace/2026_TVLSI_Mech_AMR/ThermalSolver/build-source-Desktop-Default/CMakeFiles/CMakeTmp/CheckSymbolExists.c
Linking C executable cmTC_4fe2d
/opt/jaumin1.10/bin/cmake -E cmake_link_script CMakeFiles/cmTC_4fe2d.dir/link.txt --verbose=1
/usr/bin/gcc      -rdynamic CMakeFiles/cmTC_4fe2d.dir/CheckSymbolExists.c.o  -o cmTC_4fe2d 
CMakeFiles/cmTC_4fe2d.dir/CheckSymbolExists.c.o: In function `main':
CheckSymbolExists.c:(.text+0x16): undefined reference to `pthread_create'
collect2: error: ld returned 1 exit status
gmake[1]: *** [cmTC_4fe2d] Error 1
gmake[1]: Leaving directory `/home/Dev/Code_workspace/2026_TVLSI_Mech_AMR/ThermalSolver/build-source-Desktop-Default/CMakeFiles/CMakeTmp'
gmake: *** [cmTC_4fe2d/fast] Error 2

File /home/Dev/Code_workspace/2026_TVLSI_Mech_AMR/ThermalSolver/build-source-Desktop-Default/CMakeFiles/CMakeTmp/CheckSymbolExists.c:
/* */
#include <pthread.h>

int main(int argc, char** argv)
{
  (void)argv;
#ifndef pthread_create
  return ((int*)(&pthread_create))[argc];
#else
  (void)argc;
  return 0;
#endif
}

Determining if the function pthread_create exists in the pthreads failed with the following output:
Change Dir: /home/Dev/Code_workspace/2026_TVLSI_Mech_AMR/ThermalSolver/build-source-Desktop-Default/CMakeFiles/CMakeTmp

Run Build Command:"/usr/bin/gmake" "cmTC_dc7d7/fast"
/usr/bin/gmake -f CMakeFiles/cmTC_dc7d7.dir/build.make CMakeFiles/cmTC_dc7d7.dir/build
gmake[1]: Entering directory `/home/Dev/Code_workspace/2026_TVLSI_Mech_AMR/ThermalSolver/build-source-Desktop-Default/CMakeFiles/CMakeTmp'
Building C object CMakeFiles/cmTC_dc7d7.dir/CheckFunctionExists.c.o
/usr/bin/gcc   -DCHECK_FUNCTION_EXISTS=pthread_create   -o CMakeFiles/cmTC_dc7d7.dir/CheckFunctionExists.c.o   -c /opt/jaumin1.10/share/cmake-3.9/Modules/CheckFunctionExists.c
Linking C executable cmTC_dc7d7
/opt/jaumin1.10/bin/cmake -E cmake_link_script CMakeFiles/cmTC_dc7d7.dir/link.txt --verbose=1
/usr/bin/gcc  -DCHECK_FUNCTION_EXISTS=pthread_create    -rdynamic CMakeFiles/cmTC_dc7d7.dir/CheckFunctionExists.c.o  -o cmTC_dc7d7 -lpthreads 
/usr/bin/ld: cannot find -lpthreads
collect2: error: ld returned 1 exit status
gmake[1]: *** [cmTC_dc7d7] Error 1
gmake[1]: Leaving directory `/home/Dev/Code_workspace/2026_TVLSI_Mech_AMR/ThermalSolver/build-source-Desktop-Default/CMakeFiles/CMakeTmp'
gmake: *** [cmTC_dc7d7/fast] Error 2


